{d(1),d(2),p(1,2),p(1,3),p(2,3),p(2,4),q(2,1),q(3,1),q(3,2),q(4,2),res(1,5),res(2,7),res2(1,5),res2(2,7)}
